[36mvite v7.3.1 [32mbuilding client environment for production...[36m[39m
transforming...
[32mΓ£ô[39m 39 modules transformed.
node.exe : [31mΓ£ù[39m 
Build failed in 488ms
At line:1 char:1
+ & "C:\Program 
Files\nodejs/node.exe" 
"C:\Program 
Files\nodejs/node_mo ...
+ ~~~~~~~~~~~~~~~~~~~~~~~~
~~~~~~~~~~~~~~~~~~~~~~~~~~
~~~~~~~~~~~~~~~~~~~
    + CategoryInfo        
      : NotSpecified: (  
  [31mΓ£ù[39m Build fa   
 iled in 488ms:String)    
 [], RemoteException
    + FullyQualifiedError 
   Id : NativeCommandErr  
  or
 
[31merror during build:
[31m[vite]: Rollup 
failed to resolve import 
"recharts" from "E:/Projec
ts/ELman-erp/src/pages/Emp
loyeeWorklogPage.jsx".
This is most likely 
unintended because it can 
break your application at 
runtime.
If you do want to 
externalize this module 
explicitly add it to
`build.rollupOptions.exter
nal`[31m
    at viteLog (file:///E:
/Projects/ELman-erp/node_m
odules/vite/dist/node/chun
ks/config.js:33635:57)
    at file:///E:/Projects
/ELman-erp/node_modules/vi
te/dist/node/chunks/config
.js:33669:73
    at onwarn (file:///E:/
Projects/ELman-erp/node_mo
dules/@vitejs/plugin-react
/dist/index.js:76:7)
    at file:///E:/Projects
/ELman-erp/node_modules/vi
te/dist/node/chunks/config
.js:33669:28
    at onRollupLog (file:/
//E:/Projects/ELman-erp/no
de_modules/vite/dist/node/
chunks/config.js:33664:63)
    at onLog (file:///E:/P
rojects/ELman-erp/node_mod
ules/vite/dist/node/chunks
/config.js:33467:4)
    at file:///E:/Projects
/ELman-erp/node_modules/ro
llup/dist/es/shared/node-e
ntry.js:20981:32
    at Object.logger [as 
onLog] (file:///E:/Project
s/ELman-erp/node_modules/r
ollup/dist/es/shared/node-
entry.js:22968:9)
    at ModuleLoader.handle
InvalidResolvedId (file://
/E:/Projects/ELman-erp/nod
e_modules/rollup/dist/es/s
hared/node-entry.js:21712:
26)
    at file:///E:/Projects
/ELman-erp/node_modules/ro
llup/dist/es/shared/node-e
ntry.js:21670:26[39m
